
> ai-finance-tracker@0.1.0 build
> next build

   Γû▓ Next.js 15.2.1

   Creating an optimized production build ...
node.exe : Failed to 
compile.
At line:1 char:1
+ & "C:\Program 
Files\nodejs/node.exe" 
"C:\Program 
Files\nodejs/node_mo 
...
+ ~~~~~~~~~~~~~~~~~~~~~
~~~~~~~~~~~~~~~~~~~~~~~
~~~~~~~~~~~~~~~~~~~~~~~
~~
    + CategoryInfo     
         : NotSpecifi  
  ed: (Failed to com   
 pile.:String) [],     
RemoteException
    + FullyQualifiedEr 
   rorId : NativeComm  
  andError
 

app\layout.tsx
An error occurred in 
`next/font`.

SyntaxError: 
Unexpected token ':'
    at compileSourceTex
tModule (node:internal/
modules/esm/utils:346:1
6)
    at ModuleLoader.mod
uleStrategy (node:inter
nal/modules/esm/transla
tors:107:18)
    at #translate (node
:internal/modules/esm/l
oader:546:20)
    at afterLoad (node:
internal/modules/esm/lo
ader:596:29)
    at ModuleLoader.loa
dAndTranslate (node:int
ernal/modules/esm/loade
r:601:12)
    at 
#createModuleJob (node:
internal/modules/esm/lo
ader:624:36)
    at #getJobFromResol
veResult (node:internal
/modules/esm/loader:343
:34)
    at ModuleLoader.get
ModuleJobForImport (nod
e:internal/modules/esm/
loader:311:41)
    at async onImport.t
racePromise.__proto__ (
node:internal/modules/e
sm/loader:664:25)


> Build failed because 
of webpack errors
